#-----------------------------------------------------------
# Vivado v2023.2 (64-bit)
# SW Build 4029153 on Fri Oct 13 20:13:54 MDT 2023
# IP Build 4028589 on Sat Oct 14 00:45:43 MDT 2023
# SharedData Build 4025554 on Tue Oct 10 17:18:54 MDT 2023
# Start of session at: Sat Apr 13 12:34:26 2024
# Process ID: 28351
# Current directory: /home/bartek/Programming/kr260_bare_metal_example/kr260_bare_metal_example.runs/impl_1
# Command line: vivado -log add_bram_wrapper.vdi -applog -product Vivado -messageDb vivado.pb -mode batch -source add_bram_wrapper.tcl -notrace
# Log file: /home/bartek/Programming/kr260_bare_metal_example/kr260_bare_metal_example.runs/impl_1/add_bram_wrapper.vdi
# Journal file: /home/bartek/Programming/kr260_bare_metal_example/kr260_bare_metal_example.runs/impl_1/vivado.jou
# Running On: pop-os, OS: Linux, CPU Frequency: 4164.265 MHz, CPU Physical cores: 12, Host memory: 14497 MB
#-----------------------------------------------------------
source add_bram_wrapper.tcl -notrace
